STDOUT:


STDERR:
 Network infra_default Creating 
 Network infra_default Created 
 Container nearjobs-postgres Creating 
 Container nearjobs-backend Creating 
 Container nearjobs-redis Creating 
 Container nearjobs-backend Created 
 Container nearjobs-frontend Creating 
 Container nearjobs-redis Created 
 Container nearjobs-postgres Created 
 Container nearjobs-frontend Created 
 Container nearjobs-backend Starting 
 Container nearjobs-postgres Starting 
 Container nearjobs-redis Starting 
 Container nearjobs-redis Started 
 Container nearjobs-backend Started 
 Container nearjobs-frontend Starting 
 Container nearjobs-postgres Started 
 Container nearjobs-frontend Started 